max_provinces = 777
definitions = "definition.csv"
provinces = "provinces.bmp"
positions = "positions.txt"
terrain = "terrain.bmp"
rivers = "rivers.bmp"
terrain_definition = "terrain.txt"
heightmap = "topology.bmp"
tree_definition = "trees.bmp"
continent = "continent.txt"
adjacencies = "adjacencies.csv"
climate = "climate.txt"
region = "island_region.txt"
geographical_region = "geographical_region.txt"
static = "statics"
seasons = "seasons.txt"
externals = {
}

sea_zones = { 566 623 }#Redlands
sea_zones = { 624 691 }#south
sea_zones = { 692 738 }#lakes
sea_zones = { 739 745 }#temp oceans
sea_zones = { 746 749 }#old lakes
sea_zones = { 750 750 }#Redlands river
sea_zones = { 751 759 }#Desert river
sea_zones = { 760 765 }#Sumansh river

ocean_region = {	# OCEAN
	sea_zones = { 1 2 4 6 7 8 }
}

# Define which indices in trees.bmp palette which should count as trees for automatic terrain assignment
tree = { 3 4 7 10 }

major_rivers = 
{
	750
	751 752 753 754 755 756 757 758 759
	760 761
	762 763 764 765
}